---
source: crates/tests/src/hole.rs
expression: code
---
ast_builder . expression_call (SPAN , Expression :: from (ast_builder . member_expression_computed (SPAN , Expression :: from (ast_builder . member_expression_static (SPAN , __1__ , __2__ , false ,)) , __3__ , false ,)) , NONE , ast_builder . vec1 (Argument :: from (ast_builder . expression_binary (SPAN , __4__ , BinaryOperator :: Addition , __5__)) ,) , false)
